I'm sorry, but errors were detected in your script. Please correct the
errors listed below, and try again.


File "game/script.rpy", line 13: expected 'image_name_component' not found.
    scene "gui/IMG_0943.JPEG" with fade
          ^

Ren'Py Version: Ren'Py 7.4.11.2266
Sat May 28 21:04:29 2022
